// Jest Snapshot v1, https://goo.gl/fbAQLP

exports[`property based tests adding blank lines adds blank lines where once there were spaces 1`] = `
"diff --git a/banana.ts b/banana.ts
index 2de83dd..842652c 100644
--- a/banana.ts
+++ b/banana.ts
@@ -1,5 +1,5 @@
 this
 is

-a
+
 file
"
`;
